ASxxxx Linker V03.00 + NoICE + sdld,  page 1.
Hexadecimal  [32-Bits]

Area                                    Addr        Size        Decimal Bytes (Attributes)
--------------------------------        ----        ----        ------- ----- ------------
CABS2                               00000000    00000002 =           2. bytes (ABS,CON,CODE)

      Value  Global                              Global Defined In Module
      -----  --------------------------------   ------------------------
C:   00000000  l_CABS                          
C:   00000000  l_GSINIT1                       
C:   00000000  l_GSINIT5                       
C:   00000000  l_IABS                          
C:   00000000  l_REG_BANK_1                    
C:   00000000  l_REG_BANK_2                    
C:   00000000  l_REG_BANK_3                    
C:   00000000  l_RSEG                          
C:   00000000  l_RSEG0                         
C:   00000000  l_RSEG1                         
C:   00000000  l_XABS                          
C:   00000000  l__CODE                         
C:   00000000  s_BSEG                          
C:   00000000  s_CABS                          
C:   00000000  s_CABS2                         
C:   00000000  s_DSEG                          
C:   00000000  s_IABS                          
C:   00000000  s_ISEG                          
C:   00000000  s_PSEG                          
C:   00000000  s_REG_BANK_0                    
C:   00000000  s_RSEG                          
C:   00000000  s_RSEG0                         
C:   00000000  s_RSEG1                         
C:   00000000  s_XABS                          
C:   00000001  l_BIT_BANK                      
C:   00000002  l_CABS2                         
C:   00000003  l_GSFINAL                       
C:   00000003  l_GSINIT0                       
C:   00000007  l_BSEG_BYTES                    
C:   00000008  l_REG_BANK_0                    
C:   00000008  s_REG_BANK_1                    
C:   00000009  l_OSEG                          
C:   0000000A  l_GSINIT2                       
C:   0000000C  l_ISEG                          
C:   00000010  s_REG_BANK_2                    
C:   00000018  s_REG_BANK_3                    
C:   00000020  s_BSEG_BYTES                    
C:   00000020  s__CODE                         
C:   00000022  l_GSINIT3                       
C:   00000024  l_GSINIT                        
C:   00000027  s_BIT_BANK                      
C:   0000002A  l_GSINIT4                       
C:   00000034  l_BSEG                          
C:   00000040  l_SSEG                          
C:   00000077  s_OSEG                          
C:   00000079  l_HOME                          
C:   0000007E  l_DSEG                          
C:   0000008C  s_SSEG                          
C:   000000EC  l_PSEG                          
C:   000000EC  s_XSEG                          
ASxxxx Linker V03.00 + NoICE + sdld,  page 2.
Hexadecimal  [32-Bits]

Area                                    Addr        Size        Decimal Bytes (Attributes)
--------------------------------        ----        ----        ------- ----- ------------
CABS2                               00000000    00000002 =           2. bytes (ABS,CON,CODE)

      Value  Global                              Global Defined In Module
      -----  --------------------------------   ------------------------
C:   00000100  l_IRAM                          
C:   00000400  s_HOME                          
C:   00000479  s_GSINIT0                       
C:   0000047C  s_GSINIT1                       
C:   0000047C  s_GSINIT2                       
C:   00000486  s_GSINIT3                       
C:   000004A8  s_GSINIT4                       
C:   000004D2  s_GSINIT                        
C:   000004D2  s_GSINIT5                       
C:   000004F6  s_GSFINAL                       
C:   000004F9  s_CSEG                          
C:   00000505  l_XSEG                          
C:   000005F1  s_XISEG                         
C:   00000A04  l_XINIT                         
C:   00000A04  l_XISEG                         
C:   000060EB  l_CSEG                          
C:   000065E4  s_CONST                         
C:   000067D3  l_CONST                         
C:   0000CDB7  s_XINIT                         
C:   0000F7FE  _app_signature                     flash

ASxxxx Linker V03.00 + NoICE + sdld,  page 3.
Hexadecimal  [32-Bits]

Area                                    Addr        Size        Decimal Bytes (Attributes)
--------------------------------        ----        ----        ------- ----- ------------
.  .ABS.                            00000000    00000000 =           0. bytes (ABS,CON)

      Value  Global                              Global Defined In Module
      -----  --------------------------------   ------------------------
     00000000  .__.ABS.                           _fsget1arg
     00000080  _P0                                timer
     00000081  _SP                                timer
     00000082  _DPL                               timer
     00000082  _PIN_CONFIG                        timer
     00000083  _DPH                               timer
     00000083  _PIN_ENABLE                        timer
     00000084  _SPI1CFG                           timer
     00000085  _SPI1CKR                           timer
     00000085  _TOFFL                             timer
     00000086  _SPI1DAT                           timer
     00000086  _TOFFH                             timer
     00000087  _IRQ                               timer
     00000087  _PCON                              timer
     00000088  _IT0                               timer
     00000088  _TCON                              timer
     00000089  _IE0                               timer
     00000089  _TMOD                              timer
     0000008A  _IT1                               timer
     0000008A  _TL0                               timer
     0000008B  _IE1                               timer
     0000008B  _TL1                               timer
     0000008C  _TH0                               timer
     0000008C  _TR0                               timer
     0000008D  _TF0                               timer
     0000008D  _TH1                               timer
     0000008E  _CKCON                             timer
     0000008E  _TR1                               timer
     0000008F  _PSCTL                             timer
     0000008F  _TF1                               timer
     00000090  _P1                                timer
     00000091  _CRC0DAT                           timer
     00000091  _TMR3CN                            timer
     00000092  _CRC0CN                            timer
     00000092  _TMR3RLL                           timer
     00000093  _CRC0IN                            timer
     00000093  _TMR3RLH                           timer
     00000094  _CRC0VAL                           timer
     00000094  _NSS1                              timer
     00000094  _TMR3L                             timer
     00000095  _CRC0FLIP                          timer
     00000095  _CRC0INIT                          timer
     00000095  _LED_GREEN                         timer
     00000095  _TMR3H                             timer
     00000096  _CRC0AUTO                          timer
     00000096  _CRC0SEL                           timer
     00000096  _DC0CF                             timer
     00000096  _LED_RED                           timer
     00000097  _CRC0CNT                           timer
     00000097  _DC0CN                             timer
ASxxxx Linker V03.00 + NoICE + sdld,  page 4.
Hexadecimal  [32-Bits]

Area                                    Addr        Size        Decimal Bytes (Attributes)
--------------------------------        ----        ----        ------- ----- ------------
.  .ABS.                            00000000    00000000 =           0. bytes (ABS,CON)

      Value  Global                              Global Defined In Module
      -----  --------------------------------   ------------------------
     00000098  _RI0                               timer
     00000098  _SCON0                             timer
     00000099  _SBUF0                             timer
     00000099  _TI0                               timer
     0000009A  _CPT1CN                            timer
     0000009A  _RB80                              timer
     0000009B  _CPT0CN                            timer
     0000009B  _TB80                              timer
     0000009C  _CPT1MD                            timer
     0000009C  _REN0                              timer
     0000009D  _CPT0MD                            timer
     0000009D  _MCE0                              timer
     0000009E  _CPT1MX                            timer
     0000009F  _CPT0MX                            timer
     0000009F  _S0MODE                            timer
     000000A0  _P2                                timer
     000000A0  __XPAGE                            
     000000A1  _SPI0CFG                           timer
     000000A2  _SPI0CKR                           timer
     000000A3  _SPI0DAT                           timer
     000000A4  _P0DRV                             timer
     000000A4  _P0MDOUT                           timer
     000000A5  _P1DRV                             timer
     000000A5  _P1MDOUT                           timer
     000000A6  _P2DRV                             timer
     000000A6  _P2MDOUT                           timer
     000000A6  _SDN                               timer
     000000A6  _TDM_SYNC_PIN                      tdm
     000000A7  _SFRPAGE                           timer
     000000A8  _EX0                               timer
     000000A8  _IE                                timer
     000000A9  _CLKSEL                            timer
     000000A9  _ET0                               timer
     000000AA  _EMI0CN                            timer
     000000AA  _EX1                               timer
     000000AB  _EMI0CF                            timer
     000000AB  _ET1                               timer
     000000AC  _ES0                               timer
     000000AC  _RTC0ADR                           timer
     000000AD  _ET2                               timer
     000000AD  _RTC0DAT                           timer
     000000AE  _ESPI0                             timer
     000000AE  _RTC0KEY                           timer
     000000AF  _EA                                timer
     000000AF  _EMI0TC                            timer
     000000AF  _ONESHOT                           timer
     000000B0  _SPI1CN                            timer
     000000B0  _SPI1EN                            timer
     000000B1  _OSCXCN                            timer
     000000B1  _TXBMT1                            timer
     000000B2  _NSS1MD0                           timer
ASxxxx Linker V03.00 + NoICE + sdld,  page 5.
Hexadecimal  [32-Bits]

Area                                    Addr        Size        Decimal Bytes (Attributes)
--------------------------------        ----        ----        ------- ----- ------------
.  .ABS.                            00000000    00000000 =           0. bytes (ABS,CON)

      Value  Global                              Global Defined In Module
      -----  --------------------------------   ------------------------
     000000B2  _OSCICN                            timer
     000000B3  _NSS1MD1                           timer
     000000B3  _OSCICL                            timer
     000000B4  _RXOVRN1                           timer
     000000B5  _MODF1                             timer
     000000B5  _PMU0CF                            timer
     000000B6  _FLSCL                             timer
     000000B6  _WCOL1                             timer
     000000B7  _FLKEY                             timer
     000000B7  _SPIF1                             timer
     000000B8  _IP                                timer
     000000B8  _PX0                               timer
     000000B9  _IREF0CN                           timer
     000000B9  _PT0                               timer
     000000BA  _ADC0AC                            timer
     000000BA  _ADC0PWR                           timer
     000000BA  _PX1                               timer
     000000BB  _ADC0MX                            timer
     000000BB  _PT1                               timer
     000000BC  _ADC0CF                            timer
     000000BC  _PS0                               timer
     000000BD  _ADC0L                             timer
     000000BD  _ADC0TK                            timer
     000000BD  _PT2                               timer
     000000BE  _ADC0H                             timer
     000000BE  _PSPI0                             timer
     000000BF  _P1MASK                            timer
     000000C0  _SI                                timer
     000000C0  _SMB0CN                            timer
     000000C1  _ACK                               timer
     000000C1  _SMB0CF                            timer
     000000C2  _ARBLOST                           timer
     000000C2  _SMB0DAT                           timer
     000000C3  _ACKRQ                             timer
     000000C3  _ADC0GTL                           timer
     000000C4  _ADC0GTH                           timer
     000000C4  _STO                               timer
     000000C5  _ADC0LTL                           timer
     000000C5  _STA                               timer
     000000C6  _ADC0LTH                           timer
     000000C6  _TXMODE                            timer
     000000C7  _MASTER                            timer
     000000C7  _P0MASK                            timer
     000000C8  _T2XCLK                            timer
     000000C8  _TMR2CN                            timer
     000000C9  _REG0CN                            timer
     000000C9  _T2RCLK                            timer
     000000CA  _TMR2RLL                           timer
     000000CA  _TR2                               timer
     000000CB  _T2SPLIT                           timer
     000000CB  _TMR2RLH                           timer
ASxxxx Linker V03.00 + NoICE + sdld,  page 6.
Hexadecimal  [32-Bits]

Area                                    Addr        Size        Decimal Bytes (Attributes)
--------------------------------        ----        ----        ------- ----- ------------
.  .ABS.                            00000000    00000000 =           0. bytes (ABS,CON)

      Value  Global                              Global Defined In Module
      -----  --------------------------------   ------------------------
     000000CC  _TF2CEN                            timer
     000000CC  _TMR2L                             timer
     000000CD  _TF2LEN                            timer
     000000CD  _TMR2H                             timer
     000000CE  _PCA0CPM5                          timer
     000000CE  _TF2L                              timer
     000000CF  _P1MAT                             timer
     000000CF  _TF2H                              timer
     000000D0  _P                                 timer
     000000D0  _PSW                               timer
     000000D1  _F1                                timer
     000000D1  _REF0CN                            timer
     000000D2  _OV                                timer
     000000D2  _PCA0CPL5                          timer
     000000D3  _PCA0CPH5                          timer
     000000D3  _RS0                               timer
     000000D4  _P0SKIP                            timer
     000000D4  _RS1                               timer
     000000D5  _F0                                timer
     000000D5  _P1SKIP                            timer
     000000D6  _AC                                timer
     000000D6  _P2SKIP                            timer
     000000D7  _CY                                timer
     000000D7  _P0MAT                             timer
     000000D8  _CCF0                              timer
     000000D8  _PCA0CN                            timer
     000000D9  _CCF1                              timer
     000000D9  _PCA0MD                            timer
     000000DA  _CCF2                              timer
     000000DA  _PCA0CPM0                          timer
     000000DB  _CCF3                              timer
     000000DB  _PCA0CPM1                          timer
     000000DC  _CCF4                              timer
     000000DC  _PCA0CPM2                          timer
     000000DD  _CCF5                              timer
     000000DD  _PCA0CPM3                          timer
     000000DE  _CR                                timer
     000000DE  _PCA0CPM4                          timer
     000000DF  _CF                                timer
     000000DF  _PCA0PWM                           timer
     000000E0  _ACC                               timer
     000000E1  _XBR0                              timer
     000000E2  _XBR1                              timer
     000000E3  _XBR2                              timer
     000000E4  _IT01CF                            timer
     000000E5  _FLWR                              timer
     000000E6  _EIE1                              timer
     000000E7  _EIE2                              timer
     000000E8  _AD0CM0                            timer
     000000E8  _ADC0CN                            timer
     000000E9  _AD0CM1                            timer
ASxxxx Linker V03.00 + NoICE + sdld,  page 7.
Hexadecimal  [32-Bits]

Area                                    Addr        Size        Decimal Bytes (Attributes)
--------------------------------        ----        ----        ------- ----- ------------
.  .ABS.                            00000000    00000000 =           0. bytes (ABS,CON)

      Value  Global                              Global Defined In Module
      -----  --------------------------------   ------------------------
     000000E9  _PCA0CPL1                          timer
     000000EA  _AD0CM2                            timer
     000000EA  _PCA0CPH1                          timer
     000000EB  _AD0WINT                           timer
     000000EB  _PCA0CPL2                          timer
     000000EC  _AD0BUSY                           timer
     000000EC  _PCA0CPH2                          timer
     000000ED  _AD0INT                            timer
     000000ED  _PCA0CPL3                          timer
     000000EE  _BURSTEN                           timer
     000000EE  _PCA0CPH3                          timer
     000000EF  _AD0EN                             timer
     000000EF  _RSTSRC                            timer
     000000F0  _B                                 timer
     000000F1  _P0MDIN                            timer
     000000F2  _P1MDIN                            timer
     000000F3  _P2MDIN                            timer
     000000F4  _SMB0ADR                           timer
     000000F5  _B_5                               _gptrget
     000000F5  _SMB0ADM                           timer
     000000F6  _B_6                               _gptrget
     000000F6  _EIP1                              timer
     000000F7  _B_7                               _gptrget
     000000F7  _EIP2                              timer
     000000F8  _SPI0CN                            timer
     000000F8  _SPI0EN                            timer
     000000F9  _PCA0L                             timer
     000000F9  _TXBMT0                            timer
     000000FA  _NSS0MD0                           timer
     000000FA  _PCA0H                             timer
     000000FB  _NSS0MD1                           timer
     000000FB  _PCA0CPL0                          timer
     000000FC  _PCA0CPH0                          timer
     000000FC  _RXOVRN0                           timer
     000000FD  _MODF0                             timer
     000000FD  _PCA0CPL4                          timer
     000000FE  _PCA0CPH4                          timer
     000000FE  _WCOL0                             timer
     000000FF  _SPIF0                             timer
     000000FF  _VDM0CN                            timer
     000000FF  __canary                           tdm
     00008382  _DP                                timer
     00008685  _TOFF                              timer
     00009392  _TMR3RL                            timer
     00009594  _TMR3                              timer
     0000BEBD  _ADC0                              timer
     0000C4C3  _ADC0GT                            timer
     0000C6C5  _ADC0LT                            timer
     0000CBCA  _TMR2RL                            timer
     0000CDCC  _TMR2                              timer
     0000D3D2  _PCA0CP5                           timer
ASxxxx Linker V03.00 + NoICE + sdld,  page 8.
Hexadecimal  [32-Bits]

Area                                    Addr        Size        Decimal Bytes (Attributes)
--------------------------------        ----        ----        ------- ----- ------------
.  .ABS.                            00000000    00000000 =           0. bytes (ABS,CON)

      Value  Global                              Global Defined In Module
      -----  --------------------------------   ------------------------
     0000EAE9  _PCA0CP1                           timer
     0000ECEB  _PCA0CP2                           timer
     0000EEED  _PCA0CP3                           timer
     0000FAF9  _PCA0                              timer
     0000FCFB  _PCA0CP0                           timer
     0000FEFD  _PCA0CP4                           timer

ASxxxx Linker V03.00 + NoICE + sdld,  page 9.
Hexadecimal  [32-Bits]

Area                                    Addr        Size        Decimal Bytes (Attributes)
--------------------------------        ----        ----        ------- ----- ------------
BSEG_BYTES                          00000020    00000007 =           7. bytes (REL,CON)

      Value  Global                              Global Defined In Module
      -----  --------------------------------   ------------------------
ASxxxx Linker V03.00 + NoICE + sdld,  page 10.
Hexadecimal  [32-Bits]

Area                                    Addr        Size        Decimal Bytes (Attributes)
--------------------------------        ----        ----        ------- ----- ------------
REG_BANK_0                          00000000    00000008 =           8. bytes (REL,OVR)

      Value  Global                              Global Defined In Module
      -----  --------------------------------   ------------------------
ASxxxx Linker V03.00 + NoICE + sdld,  page 11.
Hexadecimal  [32-Bits]

Area                                    Addr        Size        Decimal Bytes (Attributes)
--------------------------------        ----        ----        ------- ----- ------------
BIT_BANK                            00000027    00000001 =           1. bytes (REL,OVR)

      Value  Global                              Global Defined In Module
      -----  --------------------------------   ------------------------
ASxxxx Linker V03.00 + NoICE + sdld,  page 12.
Hexadecimal  [32-Bits]

Area                                    Addr        Size        Decimal Bytes (Attributes)
--------------------------------        ----        ----        ------- ----- ------------
DSEG                                00000000    0000007E =         126. bytes (REL,CON)

      Value  Global                              Global Defined In Module
      -----  --------------------------------   ------------------------
     0000000C  _crc16_PARM_2                      crc

ASxxxx Linker V03.00 + NoICE + sdld,  page 13.
Hexadecimal  [32-Bits]

Area                                    Addr        Size        Decimal Bytes (Attributes)
--------------------------------        ----        ----        ------- ----- ------------
OSEG                                00000077    00000009 =           9. bytes (REL,OVR)

      Value  Global                              Global Defined In Module
      -----  --------------------------------   ------------------------
ASxxxx Linker V03.00 + NoICE + sdld,  page 14.
Hexadecimal  [32-Bits]

Area                                    Addr        Size        Decimal Bytes (Attributes)
--------------------------------        ----        ----        ------- ----- ------------
ISEG                                00000000    0000000C =          12. bytes (REL,CON)

      Value  Global                              Global Defined In Module
      -----  --------------------------------   ------------------------
ASxxxx Linker V03.00 + NoICE + sdld,  page 15.
Hexadecimal  [32-Bits]

Area                                    Addr        Size        Decimal Bytes (Attributes)
--------------------------------        ----        ----        ------- ----- ------------
SSEG                                0000008C    00000040 =          64. bytes (REL,OVR)

      Value  Global                              Global Defined In Module
      -----  --------------------------------   ------------------------
     0000008C  __start__stack                     main

ASxxxx Linker V03.00 + NoICE + sdld,  page 16.
Hexadecimal  [32-Bits]

Area                                    Addr        Size        Decimal Bytes (Attributes)
--------------------------------        ----        ----        ------- ----- ------------
PSEG                                00000000    000000EC =         236. bytes (REL,CON,PAG,XDATA)

      Value  Global                              Global Defined In Module
      -----  --------------------------------   ------------------------
D:   00000000  _pdata_canary                      at
D:   00000001  _at_cmd                            at
D:   00000012  _at_cmd_len                        at
D:   00000013  _at_testmode                       at
D:   00000016  _idx                               at
D:   00000017  _flash_write_scratch_PARM_2        flash
D:   00000018  _num_fh_channels                   freq_hopping
D:   00000028  _golay_encode_PARM_2               golay
D:   0000002A  _golay_encode_PARM_3               golay
D:   0000002D  _golay_decode_PARM_2               golay
D:   0000002F  _golay_decode_PARM_3               golay
D:   00000032  _g_board_frequency                 main
D:   00000033  _g_board_bl_version                main
D:   00000034  _errors                            main
D:   00000040  _statistics                        main
D:   00000044  _remote_statistics                 main
D:   00000064  _packet_get_next_PARM_2            packet
D:   00000066  _packet_is_duplicate_PARM_2        packet
D:   00000068  _packet_inject_PARM_2              packet
D:   00000069  _param_set_PARM_2                  parameters
D:   0000006F  _constrain_PARM_2                  parameters
D:   00000073  _constrain_PARM_3                  parameters
D:   00000079  _receive_packet_length             radio
D:   0000007A  _partial_packet_length             radio
D:   0000007B  _last_rssi                         radio
D:   0000007C  _netid                             radio
D:   0000007E  _settings                          radio
D:   0000008A  _radio_receive_packet_PARM_2       radio
D:   00000096  _radio_transmit_PARM_2             radio
D:   00000098  _radio_transmit_PARM_3             radio
D:   000000A6  _rx_mask                           serial
D:   000000A8  _tx_mask                           serial
D:   000000B2  _serial_write_buf_PARM_2           serial
D:   000000B3  _serial_read_buf_PARM_2            serial
D:   000000C2  _transmit_wait                     tdm
D:   000000C4  _duty_cycle                        tdm
D:   000000C5  _duty_cycle_offset                 tdm
D:   000000C8  _lbt_rssi                          tdm
D:   000000CF  _test_display                      tdm
D:   000000D0  _trailer                           tdm

ASxxxx Linker V03.00 + NoICE + sdld,  page 17.
Hexadecimal  [32-Bits]

Area                                    Addr        Size        Decimal Bytes (Attributes)
--------------------------------        ----        ----        ------- ----- ------------
XSEG                                000000EC    00000505 =        1285. bytes (REL,CON,XDATA)

      Value  Global                              Global Defined In Module
      -----  --------------------------------   ------------------------
D:   00000323  _parameter_values                  parameters
D:   00000361  _printf_start_capture_PARM_2       printfl
D:   00000364  _radio_buffer                      radio
D:   00000472  _pbuf                              tdm
D:   00000570  __divuint_PARM_2                   _divuint
D:   00000576  __ultoa_PARM_2                     _ltoa
D:   00000579  __ultoa_PARM_3                     _ltoa
D:   0000059F  __ltoa_PARM_2                      _ltoa
D:   000005A2  __ltoa_PARM_3                      _ltoa
D:   000005A7  __modulong_PARM_2                  _modulong
D:   000005B2  __divulong_PARM_2                  _divulong
D:   000005BE  _memset_PARM_2                     _memset
D:   000005BF  _memset_PARM_3                     _memset
D:   000005C1  _memcpy_PARM_2                     _memcpy
D:   000005C4  _memcpy_PARM_3                     _memcpy
D:   000005CA  __gptrput_PARM_2                   _gptrput
D:   000005CB  __mulint_PARM_2                    _mulint
D:   000005CD  _strcmp_PARM_2                     _strcmp
D:   000005D3  __modsint_PARM_2                   _modsint
D:   000005D7  __mullong_PARM_2                   _mullong
D:   000005DB  __moduint_PARM_2                   _moduint
D:   000005E0  _memcmp_PARM_2                     _memcmp
D:   000005E3  _memcmp_PARM_3                     _memcmp
D:   000005E8  __divsint_PARM_2                   _divsint
ASxxxx Linker V03.00 + NoICE + sdld,  page 18.
Hexadecimal  [32-Bits]

Area                                    Addr        Size        Decimal Bytes (Attributes)
--------------------------------        ----        ----        ------- ----- ------------
XISEG                               000005F1    00000A04 =        2564. bytes (REL,CON,XDATA)

      Value  Global                              Global Defined In Module
      -----  --------------------------------   ------------------------
D:   000005F1  _rx_buf                            serial
D:   00000DF1  _tx_buf                            serial

ASxxxx Linker V03.00 + NoICE + sdld,  page 19.
Hexadecimal  [32-Bits]

Area                                    Addr        Size        Decimal Bytes (Attributes)
--------------------------------        ----        ----        ------- ----- ------------
HOME                                00000400    00000079 =         121. bytes (REL,CON,CODE)

      Value  Global                              Global Defined In Module
      -----  --------------------------------   ------------------------
C:   00000476  __sdcc_program_startup             main

ASxxxx Linker V03.00 + NoICE + sdld,  page 20.
Hexadecimal  [32-Bits]

Area                                    Addr        Size        Decimal Bytes (Attributes)
--------------------------------        ----        ----        ------- ----- ------------
GSINIT0                             00000479    00000003 =           3. bytes (REL,CON,CODE)

      Value  Global                              Global Defined In Module
      -----  --------------------------------   ------------------------
C:   00000479  __sdcc_gsinit_startup              

ASxxxx Linker V03.00 + NoICE + sdld,  page 21.
Hexadecimal  [32-Bits]

Area                                    Addr        Size        Decimal Bytes (Attributes)
--------------------------------        ----        ----        ------- ----- ------------
GSINIT2                             0000047C    0000000A =          10. bytes (REL,CON,CODE)

      Value  Global                              Global Defined In Module
      -----  --------------------------------   ------------------------
ASxxxx Linker V03.00 + NoICE + sdld,  page 22.
Hexadecimal  [32-Bits]

Area                                    Addr        Size        Decimal Bytes (Attributes)
--------------------------------        ----        ----        ------- ----- ------------
GSINIT3                             00000486    00000022 =          34. bytes (REL,CON,CODE)

      Value  Global                              Global Defined In Module
      -----  --------------------------------   ------------------------
C:   00000486  __mcs51_genXINIT                   

ASxxxx Linker V03.00 + NoICE + sdld,  page 23.
Hexadecimal  [32-Bits]

Area                                    Addr        Size        Decimal Bytes (Attributes)
--------------------------------        ----        ----        ------- ----- ------------
GSINIT4                             000004A8    0000002A =          42. bytes (REL,CON,CODE)

      Value  Global                              Global Defined In Module
      -----  --------------------------------   ------------------------
C:   000004A8  __mcs51_genRAMCLEAR                
C:   000004AE  __mcs51_genXRAMCLEAR               

ASxxxx Linker V03.00 + NoICE + sdld,  page 24.
Hexadecimal  [32-Bits]

Area                                    Addr        Size        Decimal Bytes (Attributes)
--------------------------------        ----        ----        ------- ----- ------------
GSINIT                              000004D2    00000024 =          36. bytes (REL,CON,CODE)

      Value  Global                              Global Defined In Module
      -----  --------------------------------   ------------------------
ASxxxx Linker V03.00 + NoICE + sdld,  page 25.
Hexadecimal  [32-Bits]

Area                                    Addr        Size        Decimal Bytes (Attributes)
--------------------------------        ----        ----        ------- ----- ------------
GSFINAL                             000004F6    00000003 =           3. bytes (REL,CON,CODE)

      Value  Global                              Global Defined In Module
      -----  --------------------------------   ------------------------
ASxxxx Linker V03.00 + NoICE + sdld,  page 26.
Hexadecimal  [32-Bits]

Area                                    Addr        Size        Decimal Bytes (Attributes)
--------------------------------        ----        ----        ------- ----- ------------
CSEG                                000004F9    000060EB =       24811. bytes (REL,CON,CODE)

      Value  Global                              Global Defined In Module
      -----  --------------------------------   ------------------------
C:   000004F9  _at_input                          at
C:   00000587  _at_plus_detector                  at
C:   000005D4  _at_timer                          at
C:   00000612  _at_command                        at
C:   00000A2A  _crc16                             crc
C:   00000A8C  _flash_erase_scratch               flash
C:   00000AA7  _flash_read_scratch                flash
C:   00000AC6  _flash_write_scratch               flash
C:   00000B6C  _fhop_init                         freq_hopping
C:   00000C07  _fhop_transmit_channel             freq_hopping
C:   00000C17  _fhop_receive_channel              freq_hopping
C:   00000C27  _fhop_window_change                freq_hopping
C:   00000C89  _fhop_set_locked                   freq_hopping
C:   00000E17  _golay_encode                      golay
C:   000010B6  _golay_decode                      golay
C:   00001172  _main                              main
C:   000011F8  _panic                             main
C:   00001BF2  _MAVLink_report                    mavlink
C:   00001F98  _packet_get_next                   packet
C:   00002437  _packet_is_resend                  packet
C:   0000243A  _packet_is_injected                packet
C:   0000243D  _packet_force_resend               packet
C:   00002440  _packet_set_max_xmit               packet
C:   0000244A  _packet_set_serial_speed           packet
C:   00002491  _packet_is_duplicate               packet
C:   00002511  _packet_inject                     packet
C:   000025C1  _param_set                         parameters
C:   00002764  _param_get                         parameters
C:   00002792  _param_load                        parameters
C:   00002900  _param_save                        parameters
C:   000029A9  _param_default                     parameters
C:   000029F1  _param_id                          parameters
C:   00002A43  _param_name                        parameters
C:   00002A72  _constrain                         parameters
C:   00002AFD  _printf_start_capture              printfl
C:   00002B26  _printf_end_capture                printfl
C:   00002B2E  _vprintfl                          printfl
C:   00002DB6  _printfl                           printfl
C:   00002DD0  _radio_receive_packet              radio
C:   00003066  _radio_receive_in_progress         radio
C:   0000307F  _radio_preamble_detected           radio
C:   00003096  _radio_last_rssi                   radio
C:   0000309C  _radio_current_rssi                radio
C:   000030A2  _radio_air_rate                    radio
C:   000033E8  _radio_transmit                    radio
C:   00003440  _radio_receiver_on                 radio
C:   0000347F  _radio_initialise                  radio
C:   000034E8  _radio_set_frequency               radio
C:   00003524  _radio_set_channel_spacing         radio
C:   00003575  _radio_set_channel                 radio
ASxxxx Linker V03.00 + NoICE + sdld,  page 27.
Hexadecimal  [32-Bits]

Area                                    Addr        Size        Decimal Bytes (Attributes)
--------------------------------        ----        ----        ------- ----- ------------
CSEG                                000004F9    000060EB =       24811. bytes (REL,CON,CODE)

      Value  Global                              Global Defined In Module
      -----  --------------------------------   ------------------------
C:   00003599  _radio_get_channel                 radio
C:   0000359F  _radio_configure                   radio
C:   00003872  _radio_set_transmit_power          radio
C:   000038B2  _radio_get_transmit_power          radio
C:   000038B8  _radio_set_network_id              radio
C:   00003C6F  _radio_temperature                 radio
C:   00003D29  _radio_set_diversity               radio
C:   00003D7F  _Receiver_ISR                      radio
C:   00003EC5  _serial_interrupt                  serial
C:   00004011  _serial_check_rts                  serial
C:   0000402D  _serial_init                       serial
C:   00004065  _serial_write                      serial
C:   00004103  _serial_write_buf                  serial
C:   00004223  _serial_write_space                serial
C:   00004264  _serial_read                       serial
C:   000042E2  _serial_peek                       serial
C:   000042FE  _serial_peek2                      serial
C:   0000432B  _serial_read_buf                   serial
C:   0000447C  _serial_read_available             serial
C:   000044A9  _serial_read_space                 serial
C:   000044D9  _putchar                           serial
C:   000044ED  _serial_device_valid_speed         serial
C:   00004588  _tdm_show_rssi                     tdm
C:   00004A66  _tdm_change_phase                  tdm
C:   00004C66  _tdm_remote_at                     tdm
C:   00004D33  _tdm_serial_loop                   tdm
C:   0000535F  _tdm_init                          tdm
C:   0000559E  _tdm_report_timing                 tdm
C:   0000560B  _T3_ISR                            timer
C:   00005653  _delay_set                         timer
C:   00005680  _delay_set_ticks                   timer
C:   00005684  _delay_expired                     timer
C:   0000568C  _delay_msec                        timer
C:   00005695  _T2_ISR                            timer
C:   000056E5  _timer2_16                         timer
C:   000056FD  _timer2_tick                       timer
C:   0000573B  _timer_init                        timer
C:   00005753  _timer_entropy                     timer
C:   00005757  __divuint                          _divuint
C:   000057F2  __ultoa                            _ltoa
C:   00005908  __ltoa                             _ltoa
C:   000059A5  __modulong                         _modulong
C:   00005AE6  ___fsmul                           _fsmul
C:   00005B89  _rand                              rand
C:   00005BE3  _srand                             rand
C:   00005C05  fsgetargs                          _fsget2args
C:   00005C33  __divulong                         _divulong
C:   00005D41  fs_normalize_a                     _fsnormalize
C:   00005D74  _memset                            _memset
C:   00005D9C  _memcpy                            _memcpy
C:   00005E10  _isdigit                           _isdigit
ASxxxx Linker V03.00 + NoICE + sdld,  page 28.
Hexadecimal  [32-Bits]

Area                                    Addr        Size        Decimal Bytes (Attributes)
--------------------------------        ----        ----        ------- ----- ------------
CSEG                                000004F9    000060EB =       24811. bytes (REL,CON,CODE)

      Value  Global                              Global Defined In Module
      -----  --------------------------------   ------------------------
C:   00005E29  __gptrput                          _gptrput
C:   00005E44  ___fslt                            _fslt
C:   00005E74  __mulint                           _mulint
C:   00005E94  _strcmp                            _strcmp
C:   00005F28  __modsint                          _modsint
C:   00005F91  __mullong                          _mullong
C:   00005F91  __mullong_dummy                    _mullong
C:   00005FFD  __moduint                          _moduint
C:   000060AA  _memcmp                            _memcmp
C:   00006180  __divsint                          _divsint
C:   000061F1  ___fsadd                           _fsadd
C:   000061F4  fsadd_direct_entry                 _fsadd
C:   0000624A  fs_compare_uint32                  _fscmp
C:   00006268  fs_check_negative_zeros            _fscmp
C:   00006293  _islower                           _islower
C:   000062AC  ___sint2fs                         _sint2fs
C:   000062B9  ___fs2sint                         _fs2sint
C:   000062ED  ___uint2fs                         _uint2fs
C:   000062F9  _isprint                           _isprint
C:   00006312  _puts                              puts
C:   00006390  fs_round_and_return                _fsreturnval
C:   000063A8  fs_zerocheck_return                _fsreturnval
C:   000063B1  fs_return_zero                     _fsreturnval
C:   000063B9  fs_direct_return                   _fsreturnval
C:   000063C7  fs_return_inf                      _fsreturnval
C:   000063D4  fs_return_nan                      _fsreturnval
C:   000063DF  fs_swap_a_b                        _fsswapargs
C:   000063F9  _strlen                            _strlen
C:   00006411  ___fsdiv                           _fsdiv
C:   000064D4  __gptrget                          _gptrget
C:   000064F0  ___slong2fs                        _slong2fs
C:   000064F9  slong2fs_doit                      _slong2fs
C:   0000651D  ___ulong2fs                        _ulong2fs
C:   00006526  ulong2fs_doit                      _ulong2fs
C:   00006530  fs_rshift_a                        _fsrshift
C:   00006573  ___fs2slong                        _fs2slong
C:   000065CE  __sdcc_external_startup            _startup
C:   000065D2  fsgetarg                           _fsget1arg

ASxxxx Linker V03.00 + NoICE + sdld,  page 29.
Hexadecimal  [32-Bits]

Area                                    Addr        Size        Decimal Bytes (Attributes)
--------------------------------        ----        ----        ------- ----- ------------
CONST                               000065E4    000067D3 =       26579. bytes (REL,CON,CODE)

      Value  Global                              Global Defined In Module
      -----  --------------------------------   ------------------------
C:   0000C849  _g_banner_string                   main
C:   0000C85B  _g_version_string                  main
C:   0000C8CB  _parameter_info                    parameters
ASxxxx Linker V03.00 + NoICE + sdld,  page 30.
Hexadecimal  [32-Bits]

Area                                    Addr        Size        Decimal Bytes (Attributes)
--------------------------------        ----        ----        ------- ----- ------------
XINIT                               0000CDB7    00000A04 =        2564. bytes (REL,CON,CODE)

      Value  Global                              Global Defined In Module
      -----  --------------------------------   ------------------------
ASxxxx Linker V03.00 + NoICE + sdld,  page 31.

Files Linked                              [ module(s) ]

.//obj/hm_trp/radio~hm_trp/at.rel         [  ]
.//obj/hm_trp/radio~hm_trp/crc.rel        [  ]
.//obj/hm_trp/radio~hm_trp/flash.rel      [  ]
.//obj/hm_trp/radio~hm_trp/freq_hopping.rel
                                          [  ]
.//obj/hm_trp/radio~hm_trp/golay.rel      [  ]
.//obj/hm_trp/radio~hm_trp/main.rel       [  ]
.//obj/hm_trp/radio~hm_trp/mavlink.rel    [  ]
.//obj/hm_trp/radio~hm_trp/packet.rel     [  ]
.//obj/hm_trp/radio~hm_trp/parameters.rel
                                          [  ]
.//obj/hm_trp/radio~hm_trp/printfl.rel    [  ]
.//obj/hm_trp/radio~hm_trp/radio.rel      [  ]
.//obj/hm_trp/radio~hm_trp/rtc.rel        [  ]
.//obj/hm_trp/radio~hm_trp/serial.rel     [  ]
.//obj/hm_trp/radio~hm_trp/tdm.rel        [  ]
.//obj/hm_trp/radio~hm_trp/timer.rel      [  ]


Libraries Linked                          [ object file ]

/usr/local/sdcc/bin/../share/sdcc/lib/large/libint.lib
                                          [ _divuint.rel ]
/usr/local/sdcc/bin/../share/sdcc/lib/large/libsdcc.lib
                                          [ _ltoa.rel ]
/usr/local/sdcc/bin/../share/sdcc/lib/large/liblong.lib
                                          [ _modulong.rel ]
/usr/local/sdcc/bin/../share/sdcc/lib/large/libfloat.lib
                                          [ _fsmul.rel ]
/usr/local/sdcc/bin/../share/sdcc/lib/large/libsdcc.lib
                                          [ rand.rel ]
/usr/local/sdcc/bin/../share/sdcc/lib/large/libfloat.lib
                                          [ _fsget2args.rel ]
/usr/local/sdcc/bin/../share/sdcc/lib/large/liblong.lib
                                          [ _divulong.rel ]
/usr/local/sdcc/bin/../share/sdcc/lib/large/mcs51.lib
                                          [ crtclear.rel ]
/usr/local/sdcc/bin/../share/sdcc/lib/large/libfloat.lib
                                          [ _fsnormalize.rel ]
/usr/local/sdcc/bin/../share/sdcc/lib/large/libsdcc.lib
                                          [ _memset.rel ]
/usr/local/sdcc/bin/../share/sdcc/lib/large/libsdcc.lib
                                          [ _memcpy.rel ]
/usr/local/sdcc/bin/../share/sdcc/lib/large/mcs51.lib
                                          [ crtxinit.rel ]
/usr/local/sdcc/bin/../share/sdcc/lib/large/libsdcc.lib
                                          [ _isdigit.rel ]
/usr/local/sdcc/bin/../share/sdcc/lib/large/libsdcc.lib
                                          [ _gptrput.rel ]
/usr/local/sdcc/bin/../share/sdcc/lib/large/libfloat.lib
                                          [ _fslt.rel ]
/usr/local/sdcc/bin/../share/sdcc/lib/large/libint.lib
                                          [ _mulint.rel ]
/usr/local/sdcc/bin/../share/sdcc/lib/large/libsdcc.lib
                                          [ _strcmp.rel ]
/usr/local/sdcc/bin/../share/sdcc/lib/large/libint.lib
                                          [ _modsint.rel ]
/usr/local/sdcc/bin/../share/sdcc/lib/large/liblong.lib
                                          [ _mullong.rel ]
/usr/local/sdcc/bin/../share/sdcc/lib/large/libint.lib
                                          [ _moduint.rel ]
/usr/local/sdcc/bin/../share/sdcc/lib/large/libsdcc.lib
                                          [ _memcmp.rel ]
/usr/local/sdcc/bin/../share/sdcc/lib/large/libint.lib
                                          [ _divsint.rel ]
/usr/local/sdcc/bin/../share/sdcc/lib/large/libfloat.lib
                                          [ _fsadd.rel ]
/usr/local/sdcc/bin/../share/sdcc/lib/large/mcs51.lib
                                          [ crtxclear.rel ]
/usr/local/sdcc/bin/../share/sdcc/lib/large/libfloat.lib
                                          [ _fscmp.rel ]
/usr/local/sdcc/bin/../share/sdcc/lib/large/libsdcc.lib
                                          [ _islower.rel ]
/usr/local/sdcc/bin/../share/sdcc/lib/large/libfloat.lib
                                          [ _sint2fs.rel ]
/usr/local/sdcc/bin/../share/sdcc/lib/large/libfloat.lib
                                          [ _fs2sint.rel ]
/usr/local/sdcc/bin/../share/sdcc/lib/large/libfloat.lib
                                          [ _uint2fs.rel ]
/usr/local/sdcc/bin/../share/sdcc/lib/large/libsdcc.lib
                                          [ _isprint.rel ]
/usr/local/sdcc/bin/../share/sdcc/lib/large/libsdcc.lib
                                          [ puts.rel ]
/usr/local/sdcc/bin/../share/sdcc/lib/large/libfloat.lib
                                          [ _fsreturnval.rel ]
/usr/local/sdcc/bin/../share/sdcc/lib/large/mcs51.lib
                                          [ crtpagesfr.rel ]
/usr/local/sdcc/bin/../share/sdcc/lib/large/libfloat.lib
                                          [ _fsswapargs.rel ]
/usr/local/sdcc/bin/../share/sdcc/lib/large/libsdcc.lib
                                          [ _strlen.rel ]
/usr/local/sdcc/bin/../share/sdcc/lib/large/libfloat.lib
                                          [ _fsdiv.rel ]
/usr/local/sdcc/bin/../share/sdcc/lib/large/mcs51.lib
                                          [ crtstart.rel ]
/usr/local/sdcc/bin/../share/sdcc/lib/large/libsdcc.lib
                                          [ _gptrget.rel ]
/usr/local/sdcc/bin/../share/sdcc/lib/large/libfloat.lib
                                          [ _slong2fs.rel ]
/usr/local/sdcc/bin/../share/sdcc/lib/large/libfloat.lib
                                          [ _ulong2fs.rel ]
/usr/local/sdcc/bin/../share/sdcc/lib/large/libfloat.lib
                                          [ _fsrshift.rel ]
/usr/local/sdcc/bin/../share/sdcc/lib/large/libfloat.lib
                                          [ _fs2slong.rel ]
/usr/local/sdcc/bin/../share/sdcc/lib/large/libsdcc.lib
                                          [ _startup.rel ]
/usr/local/sdcc/bin/../share/sdcc/lib/large/libfloat.lib
                                          [ _fsget1arg.rel ]

ASxxxx Linker V03.00 + NoICE + sdld,  page 32.

User Base Address Definitions

HOME = 0x0400
ISEG = 0x0000
BSEG = 0x0000

